// Jest Snapshot v1, https://goo.gl/fbAQLP

exports[`renders correctly without any trail items 1`] = `
<article
  className="home-page"
>
  <section
    className="bio"
    id="bio"
  >
    <h2>
      About me
    </h2>
    <p>
      I'm an experienced full-stack web developer, more inclined towards back-end development, from The Hague in The Netherlands.
    </p>
    <p>
      I've worked in the sports data industry for over 8 years. The last 4 years I worked as a Tech Lead for
       
      <a
        href="https://start.me"
        rel="noopener noreferrer"
        target="_blank"
      >
        start.me
      </a>
      , an online start page/bookmark manager service.
    </p>
    <p>
      My main interests & experience are: Ruby, Node, PHP, PostgreSQL, JS (vanilla, Vue & React), cloud & serverless.
    </p>
    <p>
      Download my CV: 
      <a
        href="/docs/cv.pdf"
      >
        Dutch
      </a>
       |
       
      <a
        href="/docs/cv_en.pdf"
      >
        English
      </a>
    </p>
  </section>
  <section
    id="skills"
  >
    <section
      className="skills--list"
    >
      <h2>
        Skills
      </h2>
      <ul
        className="skills__skillslist"
      >
        <li
          className="skillsgroup"
        >
          <span
            className="skillsgroup__discipline"
          >
            Back-end
          </span>
          <ul
            className="skillsgroup__skillslist"
          >
            <li
              className="skillsgroup__skill"
            >
              <span
                className="skil__name"
              >
                Ruby
              </span>
            </li>
            <li
              className="skillsgroup__skill"
            >
              <span
                className="skil__name"
              >
                Node.js
              </span>
            </li>
            <li
              className="skillsgroup__skill"
            >
              <span
                className="skil__name"
              >
                C# .NET
              </span>
            </li>
            <li
              className="skillsgroup__skill"
            >
              <span
                className="skil__name"
              >
                PHP
              </span>
            </li>
            <li
              className="skillsgroup__skill"
            >
              <span
                className="skil__name"
              >
                Python
              </span>
            </li>
          </ul>
        </li>
        <li
          className="skillsgroup"
        >
          <span
            className="skillsgroup__discipline"
          >
            Front-end
          </span>
          <ul
            className="skillsgroup__skillslist"
          >
            <li
              className="skillsgroup__skill"
            >
              <span
                className="skil__name"
              >
                Vue.js
              </span>
            </li>
            <li
              className="skillsgroup__skill"
            >
              <span
                className="skil__name"
              >
                React
              </span>
            </li>
            <li
              className="skillsgroup__skill"
            >
              <span
                className="skil__name"
              >
                Angular
              </span>
            </li>
            <li
              className="skillsgroup__skill"
            >
              <span
                className="skil__name"
              >
                Riot.js
              </span>
            </li>
          </ul>
        </li>
        <li
          className="skillsgroup"
        >
          <span
            className="skillsgroup__discipline"
          >
            Databases
          </span>
          <ul
            className="skillsgroup__skillslist"
          >
            <li
              className="skillsgroup__skill"
            >
              <span
                className="skil__name"
              >
                PostgreSQL
              </span>
            </li>
            <li
              className="skillsgroup__skill"
            >
              <span
                className="skil__name"
              >
                Redis
              </span>
            </li>
            <li
              className="skillsgroup__skill"
            >
              <span
                className="skil__name"
              >
                MySQL
              </span>
            </li>
            <li
              className="skillsgroup__skill"
            >
              <span
                className="skil__name"
              >
                DynamoDB
              </span>
            </li>
            <li
              className="skillsgroup__skill"
            >
              <span
                className="skil__name"
              >
                Oracle
              </span>
            </li>
          </ul>
        </li>
      </ul>
    </section>
    <p>
      For a complete overview, see the 
      <a
        href="/skills/"
        onClick={[Function]}
      >
        skills
      </a>
       
      page.
    </p>
  </section>
  <section
    id="jobs"
  >
    <section
      className="jobs"
    >
      <h2>
        Jobs
      </h2>
      <article
        className="intro-article"
      >
        <h3
          className="intro-article__title"
        >
          <a
            className="intro-article__title-link"
            href="https://www.netcompany.com/nl"
            target="_blank"
          >
            Netcompany
            <span
              className="intro-article__subtitle"
            >
               - May 2020 - current
            </span>
          </a>
        </h3>
        <section
          className="intro-article__container"
        >
          <div
            className="intro-article__image"
          >
            <a
              href="https://www.netcompany.com/nl"
              target="_blank"
            >
              <img
                alt="Netcompany"
                src="/images/logo-netcompany.png"
              />
            </a>
          </div>
          <div
            className="intro-article__text"
          >
            <section>
              <p>
                Netcompany provides end to end services from advisory over development and implementation to operation of large IT solutions to large enterprises and governments. It is an international company with offices in 6 countries, with over 2.500 employees.
              </p>
              <p>
                My role is Senior Specialist / Lead Developer.
              </p>
            </section>
          </div>
        </section>
      </article>
      <article
        className="intro-article"
      >
        <h3
          className="intro-article__title"
        >
          <a
            className="intro-article__title-link"
            href="/jobs/startme"
            onClick={[Function]}
          >
            start.me
            <span
              className="intro-article__subtitle"
            >
               - dec 2015 - April 2020
            </span>
          </a>
        </h3>
        <section
          className="intro-article__container"
        >
          <div
            className="intro-article__image"
          >
            <a
              href="/jobs/startme"
              onClick={[Function]}
            >
              <img
                alt="start.me"
                src="/images/logo-startme.png"
              />
            </a>
          </div>
          <div
            className="intro-article__text"
          >
            <section>
              <p>
                start.me is an online start page/bookmark manager for both personal and professional use.
              </p>
              <p>
                As a Senior Web Developer, and later Tech Lead, I've worked on numerous front-end, back-end and infrastructure-related projects.
              </p>
            </section>
          </div>
        </section>
      </article>
      <article
        className="intro-article"
      >
        <h3
          className="intro-article__title"
        >
          <a
            className="intro-article__title-link"
            href="/jobs/gsm_perform"
            onClick={[Function]}
          >
            Global Sports Media / Perform Group
            <span
              className="intro-article__subtitle"
            >
               - jan 2010 - nov 2015
            </span>
          </a>
        </h3>
        <section
          className="intro-article__container"
        >
          <div
            className="intro-article__image"
          >
            <a
              href="/jobs/gsm_perform"
              onClick={[Function]}
            >
              <img
                alt="Global Sports Media / Perform Group"
                src="/images/logo-perform.svg"
              />
            </a>
          </div>
          <div
            className="intro-article__text"
          >
            <section>
              <p>
                Global Sports Media (GSM) collects and syndicates sports statistics via a REST API, FTP push service and hosted (white-label) websites and widgets.
              </p>
              <p>
                After being fully acquired by Perform Group, I've worked as a Software Architect on, amongst other things, a project to introduce a new sports data collection platform.
              </p>
            </section>
          </div>
        </section>
      </article>
      <article
        className="intro-article"
      >
        <h3
          className="intro-article__title"
        >
          <a
            className="intro-article__title-link"
            href="https://www.mylaps.com"
            target="_blank"
          >
            Sport-Track / MyLaps
            <span
              className="intro-article__subtitle"
            >
               - may 2007 - dec 2009
            </span>
          </a>
        </h3>
        <section
          className="intro-article__container"
        >
          <div
            className="intro-article__image"
          >
            <a
              href="https://www.mylaps.com"
              target="_blank"
            >
              <img
                alt="Sport-Track / MyLaps"
                src="/images/logo-mylaps.svg"
              />
            </a>
          </div>
          <div
            className="intro-article__text"
          >
            <section>
              <p>
                Sport-Track developed a GPS-based live tracking and tracing system for sporting events.
              </p>
              <p>
                As a web developer I worked on a back-end portal written in PHP, which was backed by an Oracle database. Using this portal, organisers could manage their sporting events. It also served as a registration portal for participants.
              </p>
            </section>
          </div>
        </section>
      </article>
    </section>
  </section>
  <section
    className="projects"
  >
    <h2>
      Side projects
    </h2>
    <p>
      For an impression of side projects I've worked on, see the
       
      <a
        href="/projects/"
        onClick={[Function]}
      >
        Side projects
      </a>
       page.
    </p>
  </section>
</article>
`;
