// Jest Snapshot v1, https://goo.gl/fbAQLP

exports[`renders correctly 1`] = `
<footer
  className="footerbar"
>
  <div
    className="footerbar__section"
  >
    <a
      className="footerbar__icon"
      href="https://github.com/paulkamer/"
      rel="noopener noreferrer"
      target="_blank"
    >
      <img
        alt="Github"
        src="https://unpkg.com/simple-icons@latest/icons/github.svg"
      />
    </a>
    <a
      className="footerbar__icon"
      href="https://www.linkedin.com/in/paulkamer/"
      rel="noopener noreferrer"
      target="_blank"
    >
      <img
        alt="LinkedIn"
        src="https://unpkg.com/simple-icons@latest/icons/linkedin.svg"
      />
    </a>
    <a
      className="footerbar__icon"
      href="mailto:paulkamer@gmail.com"
      rel="noopener noreferrer"
      target="_blank"
    >
      <img
        alt="email"
        src="/images/mail.svg"
      />
    </a>
  </div>
  <div
    className="footerbar__section"
  >
    last updated Jan 2023
  </div>
</footer>
`;
